// Jest Snapshot v1, https://goo.gl/fbAQLP

exports[`renders correctly 1`] = `
<a
  className="Link-sc-165dqum-0 bGMCPg"
  color="palette.blue500"
  href="looker.com"
  onClick={[Function]}
  target="_blank"
  textDecoration="none"
>
  <div>
    External Link
  </div>
</a>
`;
