// Jest Snapshot v1, https://goo.gl/fbAQLP

exports[`renders correctly 1`] = `
<div
  className="FlexItem-sc-1xhpm9o-0 OYTOK"
>
  FieldCommentDisplay
</div>
`;
