// Jest Snapshot v1, https://goo.gl/fbAQLP

exports[`renders correctly 1`] = `
<div
  className="Box-sc-5738oh-0 sc-bdVaJa ilnbxw"
>
  <div
    className="Flex-sc-1ak395a-0 hKJRjR"
  >
    <div
      className="FlexItem-sc-1xhpm9o-0 OYTOK"
    >
      <h2
        className="TextBase-sc-1sjok63-0 Heading-sc-63s0tz-0 dGqhNw"
        fontSize="xlarge"
        fontWeight="semiBold"
      >
        Databases
      </h2>
    </div>
  </div>
  <div
    className="Flex-sc-1ak395a-0 jkAspJ"
  >
    <table
      className="Table-sc-1x77f3i-0 gPNKQ"
      width="100%"
    >
      <thead
        className="TableHead-sc-1p30re3-0 bUeyTj"
      >
        <tr
          className="TableRow-sc-1tgwedx-0 eGJTVe"
        >
          <th
            className="TableHeaderCell-sc-1gjfki4-0 sc-bwzfXH ctFBxF"
            color="palette.charcoal800"
            fontSize="small"
            fontWeight="semiBold"
          >
            Field Label
          </th>
          <th
            className="TableHeaderCell-sc-1gjfki4-0 sc-bwzfXH ctFBxF"
            color="palette.charcoal800"
            fontSize="small"
            fontWeight="semiBold"
          >
            Description
          </th>
          <th
            className="TableHeaderCell-sc-1gjfki4-0 sc-bwzfXH ctFBxF"
            color="palette.charcoal800"
            fontSize="small"
            fontWeight="semiBold"
          >
            LookML Name
          </th>
          <th
            className="TableHeaderCell-sc-1gjfki4-0 sc-bwzfXH ctFBxF"
            color="palette.charcoal800"
            fontSize="small"
            fontWeight="semiBold"
          >
            Type
          </th>
          <th
            className="TableHeaderCell-sc-1gjfki4-0 sc-bwzfXH ctFBxF"
            color="palette.charcoal800"
            fontSize="small"
            fontWeight="semiBold"
          >
            SQL
          </th>
        </tr>
      </thead>
      <tbody
        className="TableBody-sc-17lboeq-0 eEdzRf"
        fontSize="small"
      >
        DetailDrawer
        DetailDrawer
        DetailDrawer
        DetailDrawer
        DetailDrawer
        DetailDrawer
        DetailDrawer
        DetailDrawer
        DetailDrawer
        DetailDrawer
        DetailDrawer
        DetailDrawer
        DetailDrawer
        DetailDrawer
        DetailDrawer
        DetailDrawer
        DetailDrawer
        DetailDrawer
        DetailDrawer
        DetailDrawer
        DetailDrawer
        DetailDrawer
        DetailDrawer
        DetailDrawer
      </tbody>
    </table>
  </div>
</div>
`;
