// Jest Snapshot v1, https://goo.gl/fbAQLP

exports[`renders correctly 1`] = `
<div
  className="Box-sc-5738oh-0 sc-htpNat sIDpS"
>
  <div
    className="Flex-sc-1ak395a-0 hvDIqa"
  >
    <div
      className="FlexItem-sc-1xhpm9o-0 OYTOK"
    >
      <h1
        className="TextBase-sc-1sjok63-0 Heading-sc-63s0tz-0 eHbdpm"
        fontSize="xxlarge"
        fontWeight="semiBold"
      >
        Snowflake Usage
      </h1>
      <h4
        className="TextBase-sc-1sjok63-0 Heading-sc-63s0tz-0 gdZrTs"
        fontSize="medium"
        fontWeight="normal"
      >
        Select a field for more information.
      </h4>
    </div>
    <div
      className="FlexItem-sc-1xhpm9o-0 OYTOK"
    >
      ExternalLink
      ViewOptions
    </div>
  </div>
  <div
    className="Flex-sc-1ak395a-0 elNvkP"
  >
    <div
      className="FlexItem-sc-1xhpm9o-0 eocUaU"
      width="350px"
    >
      <div
        className="Flex-sc-1ak395a-0 MpoNu InputSearchBase-sc-12k8y4q-0 ldtxxn sc-EHOje eXyQQA"
        fontSize="small"
        onMouseDown={[Function]}
        width="100%"
      >
        <div
          className="InputText__InputLayout-sc-6cvg1f-0 labsIn InputText-sc-6cvg1f-2 kuNpyS"
          onClick={[Function]}
        >
          <input
            onChange={[Function]}
            placeholder="Filter fields in this Explore"
            type="text"
            value=""
          />
        </div>
      </div>
    </div>
  </div>
  QuickSearch
  <div
    className="Box-sc-5738oh-0 gtrikV"
  >
    Fields
    Fields
    Fields
  </div>
</div>
`;
